PS C:\git-introduction> git init
Initialized empty Git repository in C:/git-introduction/.git/
PS C:\git-introduction> git add .
PS C:\git-introduction> git commit -m 'done'
[master (root-commit) 8e9c26a] done
 1 file changed, 10 insertions(+)
 create mode 100644 index.html
PS C:\git-introduction> git remote add origin https://github.com/neelameghana192311002/intro-git.git
>> git branch -M main
>> git push -u origin main
Enumerating objects: 3, done.
Counting objects: 100% (3/3), done.
Delta compression using up to 12 threads
Compressing objects: 100% (2/2), done.
Writing objects: 100% (3/3), 367 bytes | 367.00 KiB/s, done.
Total 3 (delta 0), reused 0 (delta 0), pack-reused 0 (from 0)
To https://github.com/neelameghana192311002/intro-git.git
 * [new branch]      main -> main
branch 'main' set up to track 'origin/main'.
PS C:\git-introduction> git pull
remote: Enumerating objects: 5, done.
remote: Counting objects: 100% (5/5), done.
remote: Compressing objects: 100% (2/2), done.
remote: Total 3 (delta 1), reused 0 (delta 0), pack-reused 0 (from 0)
Unpacking objects: 100% (3/3), 965 bytes | 80.00 KiB/s, done.
From https://github.com/neelameghana192311002/intro-git
   8e9c26a..b8412d3  main       -> origin/main
Updating 8e9c26a..b8412d3
Fast-forward
 index.html | 3 ++-
 1 file changed, 2 insertions(+), 1 deletion(-)
PS C:\git-introduction> git branch -a
* main
  remotes/origin/main
PS C:\git-introduction> git branch new
PS C:\git-introduction> git branch -A
error: unknown switch `A'
usage: git branch [<options>] [-r | -a] [--merged] [--no-merged]
   or: git branch [<options>] [-f] [--recurse-submodules] <branch-name> [<start-point>]
   or: git branch [<options>] [-l] [<pattern>...]
   or: git branch [<options>] [-r] (-d | -D) <branch-name>...
   or: git branch [<options>] (-m | -M) [<old-branch>] <new-branch>
   or: git branch [<options>] (-c | -C) [<old-branch>] <new-branch>
   or: git branch [<options>] [-r | -a] [--points-at]
   or: git branch [<options>] [-r | -a] [--format]

Generic options
    -v, --[no-]verbose    show hash and subject, give twice for upstream branch
    -q, --[no-]quiet      suppress informational messages
    -t, --[no-]track[=(direct|inherit)]
                          set branch tracking configuration
    -u, --[no-]set-upstream-to <upstream>
                          change the upstream info
    --[no-]unset-upstream unset the upstream info
    --[no-]color[=<when>] use colored output
    -r, --remotes         act on remote-tracking branches
    --contains <commit>   print only branches that contain the commit
    --no-contains <commit>
                          print only branches that don't contain the commit
    --[no-]abbrev[=<n>]   use <n> digits to display object names

Specific git-branch actions:
    -a, --all             list both remote-tracking and local branches
    -d, --[no-]delete     delete fully merged branch
    -D                    delete branch (even if not merged)
    -m, --[no-]move       move/rename a branch and its reflog
    -M                    move/rename a branch, even if target exists
    --[no-]omit-empty     do not output a newline after empty formatted refs
    -c, --[no-]copy       copy a branch and its reflog
    -C                    copy a branch, even if target exists
    -l, --[no-]list       list branch names
    --[no-]show-current   show current branch name
    --[no-]create-reflog  create the branch's reflog
    --[no-]edit-description
                          edit the description for the branch
    -f, --[no-]force      force creation, move/rename, deletion
    --merged <commit>     print only branches that are merged
    --no-merged <commit>  print only branches that are not merged
    --[no-]column[=<style>]
                          list branches in columns
    --[no-]sort <key>     field name to sort on
    --[no-]points-at <object>
                          print only branches of the object
    -i, --[no-]ignore-case
                          sorting and filtering are case insensitive
    --[no-]recurse-submodules
                          recurse through submodules
    --[no-]format <format>
                          format to use for the output

PS C:\git-introduction> git branch -a
* main
  new
  remotes/origin/main
PS C:\git-introduction> git checkout new
Switched to branch 'new'
PS C:\git-introduction> git add .
PS C:\git-introduction> git commit -m 'md'
On branch new
nothing to commit, working tree clean
PS C:\git-introduction> git push origin new
Total 0 (delta 0), reused 0 (delta 0), pack-reused 0 (from 0)
remote: 
remote: Create a pull request for 'new' on GitHub by visiting:
remote:      https://github.com/neelameghana192311002/intro-git/pull/new/new
remote:
To https://github.com/neelameghana192311002/intro-git.git
 * [new branch]      new -> new
PS C:\git-introduction> 
